// Jest Snapshot v1, https://goo.gl/fbAQLP

exports[`VideoSourceSelectionManager renders correctly && matches snapshot 1`] = `
<VideoSourceSelect
  actionOnSelection={[Function]}
  selectedValues={Array []}
/>
`;
