// Jest Snapshot v1, https://goo.gl/fbAQLP

exports[`VideoItemTitle renders correctly && matches snapshot 1`] = `
<div
  className="video-item-title"
/>
`;
