// Jest Snapshot v1, https://goo.gl/fbAQLP

exports[`VideoItemViewsNumber renders correctly && matches snapshot 1`] = `
<div
  className="video-item-views-number"
/>
`;
